mode: atomic
github.com/SISTEMASSKULL/bos/internal/health/checker.go:55.76,59.34 4 0
github.com/SISTEMASSKULL/bos/internal/health/checker.go:59.34,60.47 1 0
github.com/SISTEMASSKULL/bos/internal/health/checker.go:60.47,62.4 1 0
github.com/SISTEMASSKULL/bos/internal/health/checker.go:63.3,63.17 1 0
github.com/SISTEMASSKULL/bos/internal/health/checker.go:65.2,65.15 1 0
github.com/SISTEMASSKULL/bos/internal/health/checker.go:83.118,93.2 1 0
github.com/SISTEMASSKULL/bos/internal/health/checker.go:96.150,106.2 1 16
github.com/SISTEMASSKULL/bos/internal/health/checker.go:109.25,121.6 8 1
github.com/SISTEMASSKULL/bos/internal/health/checker.go:121.6,122.10 1 1
github.com/SISTEMASSKULL/bos/internal/health/checker.go:123.19,124.16 1 0
github.com/SISTEMASSKULL/bos/internal/health/checker.go:125.19,127.10 2 1
github.com/SISTEMASSKULL/bos/internal/health/checker.go:133.26,136.15 3 17
github.com/SISTEMASSKULL/bos/internal/health/checker.go:136.15,139.3 2 1
github.com/SISTEMASSKULL/bos/internal/health/checker.go:143.48,145.2 1 2
github.com/SISTEMASSKULL/bos/internal/health/checker.go:147.48,151.16 3 3
github.com/SISTEMASSKULL/bos/internal/health/checker.go:151.16,154.3 2 1
github.com/SISTEMASSKULL/bos/internal/health/checker.go:156.2,156.30 1 2
github.com/SISTEMASSKULL/bos/internal/health/checker.go:156.30,159.68 3 1
github.com/SISTEMASSKULL/bos/internal/health/checker.go:159.68,161.4 1 0
github.com/SISTEMASSKULL/bos/internal/health/checker.go:163.2,163.16 1 2
github.com/SISTEMASSKULL/bos/internal/health/checker.go:166.78,168.31 2 21
github.com/SISTEMASSKULL/bos/internal/health/checker.go:168.31,170.3 1 1
github.com/SISTEMASSKULL/bos/internal/health/checker.go:172.2,174.16 3 20
github.com/SISTEMASSKULL/bos/internal/health/checker.go:174.16,176.3 1 2
github.com/SISTEMASSKULL/bos/internal/health/checker.go:178.2,181.51 2 18
github.com/SISTEMASSKULL/bos/internal/health/checker.go:181.51,183.3 1 0
github.com/SISTEMASSKULL/bos/internal/health/checker.go:184.2,184.30 1 18
github.com/SISTEMASSKULL/bos/internal/health/checker.go:184.30,186.3 1 1
github.com/SISTEMASSKULL/bos/internal/health/checker.go:187.2,187.20 1 17
github.com/SISTEMASSKULL/bos/internal/health/checker.go:190.69,192.18 2 18
github.com/SISTEMASSKULL/bos/internal/health/checker.go:192.18,194.3 1 2
github.com/SISTEMASSKULL/bos/internal/health/checker.go:196.2,197.18 2 16
github.com/SISTEMASSKULL/bos/internal/health/checker.go:197.18,199.3 1 4
github.com/SISTEMASSKULL/bos/internal/health/checker.go:200.2,205.19 4 16
github.com/SISTEMASSKULL/bos/internal/health/checker.go:205.19,208.3 2 1
github.com/SISTEMASSKULL/bos/internal/health/checker.go:210.2,210.19 1 15
github.com/SISTEMASSKULL/bos/internal/health/checker.go:210.19,215.3 4 4
github.com/SISTEMASSKULL/bos/internal/health/checker.go:218.2,224.20 6 11
github.com/SISTEMASSKULL/bos/internal/health/checker.go:224.20,226.3 1 3
github.com/SISTEMASSKULL/bos/internal/health/checker.go:228.2,228.24 1 11
github.com/SISTEMASSKULL/bos/internal/health/checker.go:228.24,231.3 2 2
github.com/SISTEMASSKULL/bos/internal/health/checker.go:233.2,234.23 2 9
github.com/SISTEMASSKULL/bos/internal/health/checker.go:238.80,239.20 1 5
github.com/SISTEMASSKULL/bos/internal/health/checker.go:239.20,241.3 1 1
github.com/SISTEMASSKULL/bos/internal/health/checker.go:242.2,242.34 1 4
github.com/SISTEMASSKULL/bos/internal/health/checker.go:242.34,244.3 1 1
github.com/SISTEMASSKULL/bos/internal/health/checker.go:245.2,245.35 1 3
github.com/SISTEMASSKULL/bos/internal/health/checker.go:245.35,247.3 1 1
github.com/SISTEMASSKULL/bos/internal/health/checker.go:248.2,248.19 1 2
github.com/SISTEMASSKULL/bos/internal/health/checker.go:252.55,254.35 2 2
github.com/SISTEMASSKULL/bos/internal/health/checker.go:254.35,255.20 1 4
github.com/SISTEMASSKULL/bos/internal/health/checker.go:256.22,257.13 1 2
github.com/SISTEMASSKULL/bos/internal/health/checker.go:258.23,259.14 1 1
github.com/SISTEMASSKULL/bos/internal/health/checker.go:260.19,261.10 1 1
github.com/SISTEMASSKULL/bos/internal/health/checker.go:262.11,263.13 1 0
github.com/SISTEMASSKULL/bos/internal/health/checker.go:266.2,266.102 1 2
github.com/SISTEMASSKULL/bos/internal/health/checker.go:270.46,274.2 3 1
